# spin data. PRINT by spnprt.f 
# 1  2  3  4  5  6    7    8     9 10 11 12       13 14 15 16      17       18   19    20     21     22   23   24  25  26  27  28  29  30-32     etc.                                          
# Y, T, Z, P, S, D, TAG, IEX, (SI(J,I),J=1,4), (SF(J,I),J=1,4), gamma, G.gamma, PHI, PHIX, ITRAJ, IPASS, NOEL, Yo, To, Zo, Po, So, Do, AXE(1,3) Qs !spnprt.f 
# cm mr cm mr cm  -   -     -    - - - -           - - - -            -         Spin angles in deg.                  -         -           -               Qs !spnprt.f  -     
    7.848570E-02   1.145441E-01   2.745103E-01  -2.602098E+00   0.000000E+00   1.003310E+00 'o'  1   0.00000000E+00   0.00000000E+00   1.00000000E+00   1.00000000E+00   4.77833232E-01  -7.70225488E-01   4.22407504E-01   1.00000000E+00   1.89430767E+00   3.39620449E+00   6.50133231E+01  -6.12587301E+01      1   3001     89   6.20000000E-02   6.50000000E-02   4.58000000E-01   0.00000000E+00   0.00000000E+00   1.00000000E+00   0.00000000E+00   0.00000000E+00   0.00000000E+00  0.000000 !spnprt.f PRINT                                    
    1.006216E-01  -5.065630E-02  -1.825645E-01   2.062279E+00   0.000000E+00   1.003282E+00 '1'  1   0.00000000E+00   0.00000000E+00   1.00000000E+00   1.00000000E+00   1.88963648E-01   3.31737348E-01   9.24252710E-01   1.00000000E+00   1.89426852E+00   3.39613430E+00   2.24440615E+01   1.97443283E+01      2   3001     89   0.00000000E+00   0.00000000E+00   3.58000000E-01   0.00000000E+00   0.00000000E+00   1.00031000E+00   0.00000000E+00   0.00000000E+00   0.00000000E+00  0.000000 !spnprt.f PRINT                                    
    5.279736E-01   5.408691E-01  -4.835022E-01   1.596443E+00   0.000000E+00   1.004136E+00 '2'  1   0.00000000E+00   0.00000000E+00   1.00000000E+00   1.00000000E+00   1.58494865E-01   8.94732196E-01  -4.17532843E-01   1.00000000E+00   1.89543211E+00   3.39822043E+00  -1.14678923E+02   1.15016428E+02      3   3001     89   6.47000000E-01   6.89000000E-01   4.58000000E-01   0.00000000E+00   0.00000000E+00   1.00100000E+00   0.00000000E+00   0.00000000E+00   0.00000000E+00  0.000000 !spnprt.f PRINT                                    
   -1.775589E+00  -1.927729E+00   9.122957E-02   2.204581E+00   0.000000E+00   1.000518E+00 '3'  1   0.00000000E+00   0.00000000E+00   1.00000000E+00   1.00000000E+00  -7.08606155E-01   5.51405698E-01   4.40260234E-01   1.00000000E+00   1.89050590E+00   3.38938850E+00   6.38795138E+01   5.13949963E+01      4   3001     89   1.02400000E+00   1.09000000E+00   4.58000000E-01   0.00000000E+00   0.00000000E+00   1.00160000E+00   0.00000000E+00   0.00000000E+00   0.00000000E+00  0.000000 !spnprt.f PRINT                                    
