SATURNE. CROSSING GammaG=7-NUz, NUz=3.60885(perturbed)
'OBJET'                                                                1          1                          1
1000.  !  5015.388                              834.04 MeV, proton
5
   1.000000E-03   1.000000E-02   1.000000E-03   1.000000E-02   0.00  1.000000E-04
   1.61642026E-02   1.80541584E-02   0.00000000E+00   0.00000000E+00   0.00  1.00000000E+00
'SCALING'                                                              2          2                          2
0 4
QUADRUPO
2                                  !  CROSSING GammaG=7-Nuz+/-14E, E=3.3E-4
5015.388E-3  5034.391E-3           !  AT 2.1 T/s, IN 3442 MACHINE TURNS,
1            3442                  !  FROM 834.041 TO  838.877 MeV, 5.015388
MULTIPOL
2
5015.388E-3  5034.391E-3
1            3442
BEND
2
5015.388E-3  5034.391E-3
1            3442
CAVITE
2
1.           1.00378894            !  RELATIVE CHANGE OF SYNCRHONOUS RIGIDITY
1            3442
'PARTICUL'                                                             3          3                          3
938.2723  1.6021892E-19  1.7928474 0. 0.
'SPNTRK'                                                               4          4                          4
0  3
'QUADRUPO'                 QP  1                                       5          5                          5
0
46.723  10.  .763695                 ! .763695  = FIELD FOR BORO=1 T.m
0.  0.
6  .1122 6.2671 -1.4982 3.5882 -2.1209 1.723
0.  0.
6  .1122 6.2671 -1.4982 3.5882 -2.1209 1.723
#40|40|40   quad
1 0. 0. 0.
'ESL'                      SD  2                                       6          6                          6
71.6256
'BEND'                    DIP 3 4 3                                   7          7                           7
0
247.30039  0.  1.4               ! Changed from 1.57776 to create small orbit
20. 8. .04276056667
4 .2401  1.8639  -.5572  .3904 0. 0. 0.
20. 8. .04276056667             20.  8.
4 .2401  1.8639  -.5572  .3904 0. 0. 0.
#120|420|120   bend
3 0. 0. 0. -.1963495408
'ESL'                      SD  2                                       8          8                          8
71.6256
'MULTIPOL'                 QP  5                                       9          9                          9
0
  48.627300  10.00   0.00000000E+00  -7.65533000E-01   0.00000000E+00  0.0  0.0  0.0  0.0  0.0  0.0  0.0
  0.0000   0.0000   0.00   0.00   0.00   0.00   0.00   0.00   0.00   0.00   0.00
6   1.12200E-01   6.26710E+00  -1.49820E+00   3.58820E+00  -2.12090E+00   1.72300E+00 
  0.0000   0.0000   0.00   0.00   0.00   0.00   0.00   0.00   0.00   0.00   0.00
6   1.12200E-01   6.26710E+00  -1.49820E+00   3.58820E+00  -2.12090E+00   1.72300E+00 
0. 0. 0. 0. 0. 0. 0. 0. 0. 0.
#40|40|40   Multip
1   0.00000000E+00  0.00000000E+00  0.00000000E+00
'ESL'                      SD  2                                       10         10                        10
71.6256
'BEND'                    DIP 3 4 3                                  11         11                          11
0
247.30039  0.  1.57776
20. 8. .04276056667
4 .2401  1.8639  -.5572  .3904 0. 0. 0.
20. 8. .04276056667
4 .2401  1.8639  -.5572  .3904 0. 0. 0.
#120|420|120   bend
3 0. 0. 0. -.1963495408
'ESL'                      SD  2                                      12         12                         12
71.6256
'QUADRUPO'                 QP  1                                      13         13                         13
0
46.723  10.  .763695
0.  0.
6  .1122 6.2671 -1.4982 3.5882 -2.1209 1.723
0.  0.
6  .1122 6.2671 -1.4982 3.5882 -2.1209 1.723
#40|40|40   quad
1 0. 0. 0.
'ESL'                      SD  2                                      14         14                         14
71.6256
'BEND'                    DIP 3 4 3                                  15         15                          15
0
247.30039  0.  1.57776
20. 8. .04276056667
4 .2401  1.8639  -.5572  .3904 0. 0. 0.
20. 8. .04276056667
4 .2401  1.8639  -.5572  .3904 0. 0. 0.
#120|420|120   bend
3 0. 0. 0. -.1963495408
'ESL'                      SD  2                                      16         16                         16
71.6256
'MULTIPOL'                 QP  5                                      17         17                         17
0
  48.627300  10.00   0.00000000E+00  -7.65533000E-01   0.00000000E+00  0.0  0.0  0.0  0.0  0.0  0.0  0.0
  0.0000   0.0000   0.00   0.00   0.00   0.00   0.00   0.00   0.00   0.00   0.00
6   1.12200E-01   6.26710E+00  -1.49820E+00   3.58820E+00  -2.12090E+00   1.72300E+00 
  0.0000   0.0000   0.00   0.00   0.00   0.00   0.00   0.00   0.00   0.00   0.00
6   1.12200E-01   6.26710E+00  -1.49820E+00   3.58820E+00  -2.12090E+00   1.72300E+00 
0. 0. 0. 0. 0. 0. 0. 0. 0. 0.
#40|40|40   Multip
1   0.00000000E+00  0.00000000E+00  0.00000000E+00
'ESL'                      SD  2                                      18         18                         18
71.6256
'BEND'                    DIP 3 4 3                                  19         19                          19
0
247.30039  0.  1.57776
20. 8. .04276056667
4 .2401  1.8639  -.5572  .3904 0. 0. 0.
20. 8. .04276056667
4 .2401  1.8639  -.5572  .3904 0. 0. 0.
#120|420|120   bend
3 0. 0. 0. -.1963495408
'ESL'                      SD  2                                      20         20                         20
71.6256
'QUADRUPO'                 QP  1                                      21         21                         21
0
46.723  10.  .763695
0.  0.
6  .1122 6.2671 -1.4982 3.5882 -2.1209 1.723
0.  0.
6  .1122 6.2671 -1.4982 3.5882 -2.1209 1.723
#40|40|40   quad
1 0. 0. 0.
'ESL'                                                                  22         22                        22
392.148
'MULTIPOL'                 QP  5                                      23         23                         23
0
  48.627300  10.00   0.00000000E+00  -7.65533000E-01   0.00000000E+00  0.0  0.0  0.0  0.0  0.0  0.0  0.0
  0.0000   0.0000   0.00   0.00   0.00   0.00   0.00   0.00   0.00   0.00   0.00
6   1.12200E-01   6.26710E+00  -1.49820E+00   3.58820E+00  -2.12090E+00   1.72300E+00 
  0.0000   0.0000   0.00   0.00   0.00   0.00   0.00   0.00   0.00   0.00   0.00
6   1.12200E-01   6.26710E+00  -1.49820E+00   3.58820E+00  -2.12090E+00   1.72300E+00 
0. 0. 0. 0. 0. 0. 0. 0. 0. 0.
#40|40|40   Multip
1   0.00000000E+00  0.00000000E+00  0.00000000E+00
'ESL'                                                                  24         24                        24
392.148
'QUADRUPO'                 QP  1                                      25         25                         25
0
46.723  10.  .763695  = CHAMP POUR BORO=1TM
0.  0.
6  .1122 6.2671 -1.4982 3.5882 -2.1209 1.723
0.  0.
6  .1122 6.2671 -1.4982 3.5882 -2.1209 1.723
#40|40|40   quad
1 0. 0. 0.
'ESL'                      SD  2                                      26         26                         26
71.6256
'BEND'                    DIP 3 4 3                                  27         27                          27
0
247.30039  0.  1.57776
20. 8. .04276056667
4 .2401  1.8639  -.5572  .3904 0. 0. 0.
20. 8. .04276056667
4 .2401  1.8639  -.5572  .3904 0. 0. 0.
#120|420|120   bend
3 0. 0. 0. -.1963495408
'ESL'                      SD  2                                      28         28                         28
71.6256
'MULTIPOL'                 QP  5                                      29         29                         29
0
  48.627300  10.00   0.00000000E+00  -7.65533000E-01   0.00000000E+00  0.0  0.0  0.0  0.0  0.0  0.0  0.0
  0.0000   0.0000   0.00   0.00   0.00   0.00   0.00   0.00   0.00   0.00   0.00
6   1.12200E-01   6.26710E+00  -1.49820E+00   3.58820E+00  -2.12090E+00   1.72300E+00 
  0.0000   0.0000   0.00   0.00   0.00   0.00   0.00   0.00   0.00   0.00   0.00
6   1.12200E-01   6.26710E+00  -1.49820E+00   3.58820E+00  -2.12090E+00   1.72300E+00 
0. 0. 0. 0. 0. 0. 0. 0. 0. 0.
#40|40|40   Multip
1   0.00000000E+00  0.00000000E+00  0.00000000E+00
'ESL'                      SD  2                                       30         30                        30
71.6256
'BEND'                    DIP 3 4 3                                  31         31                          31
0
247.30039  0.  1.57776
20. 8. .04276056667
4 .2401  1.8639  -.5572  .3904 0. 0. 0.
20. 8. .04276056667
4 .2401  1.8639  -.5572  .3904 0. 0. 0.
#120|420|120   bend
3 0. 0. 0. -.1963495408
'ESL'                      SD  2                                      32         32                         32
71.6256
'QUADRUPO'                 QP  1                                      33         33                         33
0
46.723  10.  .763695
0.  0.
6  .1122 6.2671 -1.4982 3.5882 -2.1209 1.723
0.  0.
6  .1122 6.2671 -1.4982 3.5882 -2.1209 1.723
#40|40|40   quad
1 0. 0. 0.
'ESL'                      SD  2                                      34         34                         34
71.6256
'BEND'                    DIP 3 4 3                                  35         35                          35
0
247.30039  0.  1.57776
20. 8. .04276056667
4 .2401  1.8639  -.5572  .3904 0. 0. 0.
20. 8. .04276056667
4 .2401  1.8639  -.5572  .3904 0. 0. 0.
#120|420|120   bend
3 0. 0. 0. -.1963495408
'ESL'                      SD  2                                      36         36                         36
71.6256
'MULTIPOL'                 QP  5                                      37         37                         37
0
  48.627300  10.00   0.00000000E+00  -7.65533000E-01   0.00000000E+00  0.0  0.0  0.0  0.0  0.0  0.0  0.0
  0.0000   0.0000   0.00   0.00   0.00   0.00   0.00   0.00   0.00   0.00   0.00
6   1.12200E-01   6.26710E+00  -1.49820E+00   3.58820E+00  -2.12090E+00   1.72300E+00 
  0.0000   0.0000   0.00   0.00   0.00   0.00   0.00   0.00   0.00   0.00   0.00
6   1.12200E-01   6.26710E+00  -1.49820E+00   3.58820E+00  -2.12090E+00   1.72300E+00 
0. 0. 0. 0. 0. 0. 0. 0. 0. 0.
#40|40|40   Multip
1   0.00000000E+00  0.00000000E+00  0.00000000E+00
'ESL'                      SD  2                                      38         38                         38
71.6256
'BEND'                    DIP 3 4 3                                  39         39                          39
0
247.30039  0.  1.57776
20. 8. .04276056667
4 .2401  1.8639  -.5572  .3904 0. 0. 0.
20. 8. .04276056667
4 .2401  1.8639  -.5572  .3904 0. 0. 0.
#120|420|120   bend
3 0. 0. 0. -.1963495408
'ESL'                      SD  2                                      40         40                         40
71.6256
'QUADRUPO'                 QP  1                                      41         41                         41
0
46.723  10.  .763695
0.  0.
6  .1122 6.2671 -1.4982 3.5882 -2.1209 1.723
0.  0.
6  .1122 6.2671 -1.4982 3.5882 -2.1209 1.723
#40|40|40   quad
1 0. 0. 0.
'ESL'                                                                  42         42                        42
392.148
'MULTIPOL'                 QP  5                                      43         43                         43
0
  48.627300  10.00   0.00000000E+00  -7.65533000E-01   0.00000000E+00  0.0  0.0  0.0  0.0  0.0  0.0  0.0
  0.0000   0.0000   0.00   0.00   0.00   0.00   0.00   0.00   0.00   0.00   0.00
6   1.12200E-01   6.26710E+00  -1.49820E+00   3.58820E+00  -2.12090E+00   1.72300E+00 
  0.0000   0.0000   0.00   0.00   0.00   0.00   0.00   0.00   0.00   0.00   0.00
6   1.12200E-01   6.26710E+00  -1.49820E+00   3.58820E+00  -2.12090E+00   1.72300E+00 
0. 0. 0. 0. 0. 0. 0. 0. 0. 0.
#40|40|40   Multip
1   0.00000000E+00  0.00000000E+00  0.00000000E+00
'ESL'                                                                  44         44                        44
392.148
'QUADRUPO'                 QP  1                                      45         45                         45
0
46.723  10.  .763695  = CHAMP POUR BORO=1TM
0.  0.
6  .1122 6.2671 -1.4982 3.5882 -2.1209 1.723
0.  0.
6  .1122 6.2671 -1.4982 3.5882 -2.1209 1.723
#40|40|40   quad
1 0. 0. 0.
'ESL'                      SD  2                                      46         46                         46
71.6256
'BEND'                    DIP 3 4 3                                  47         47                          47
0
247.30039  0.  1.57776
20. 8. .04276056667
4 .2401  1.8639  -.5572  .3904 0. 0. 0.
20. 8. .04276056667
4 .2401  1.8639  -.5572  .3904 0. 0. 0.
#120|420|120   bend
3 0. 0. 0. -.1963495408
'ESL'                      SD  2                                      48         48                         48
71.6256
'MULTIPOL'                 QP  5                                      49         49                         49
0
  48.627300  10.00   0.00000000E+00  -7.65533000E-01   0.00000000E+00  0.0  0.0  0.0  0.0  0.0  0.0  0.0
  0.0000   0.0000   0.00   0.00   0.00   0.00   0.00   0.00   0.00   0.00   0.00
6   1.12200E-01   6.26710E+00  -1.49820E+00   3.58820E+00  -2.12090E+00   1.72300E+00 
  0.0000   0.0000   0.00   0.00   0.00   0.00   0.00   0.00   0.00   0.00   0.00
6   1.12200E-01   6.26710E+00  -1.49820E+00   3.58820E+00  -2.12090E+00   1.72300E+00 
0. 0. 0. 0. 0. 0. 0. 0. 0. 0.
#40|40|40   Multip
1   0.00000000E+00  0.00000000E+00  0.00000000E+00
'ESL'                      SD  2                                       50         50                        50
71.6256
'BEND'                    DIP 3 4 3                                  51         51                          51
0
247.30039  0.  1.57776
20. 8. .04276056667
4 .2401  1.8639  -.5572  .3904 0. 0. 0.
20. 8. .04276056667
4 .2401  1.8639  -.5572  .3904 0. 0. 0.
#120|420|120   bend
3 0. 0. 0. -.1963495408
'ESL'                      SD  2                                      52         52                         52
71.6256
'QUADRUPO'                 QP  1                                      53         53                         53
0
46.723  10.  .763695
0.  0.
6  .1122 6.2671 -1.4982 3.5882 -2.1209 1.723
0.  0.
6  .1122 6.2671 -1.4982 3.5882 -2.1209 1.723
#40|40|40   quad
1 0. 0. 0.
'ESL'                      SD  2                                      54         54                         54
71.6256
'BEND'                    DIP 3 4 3                                  55         55                          55
0
247.30039  0.  1.57776
20. 8. .04276056667
4 .2401  1.8639  -.5572  .3904 0. 0. 0.
20. 8. .04276056667
4 .2401  1.8639  -.5572  .3904 0. 0. 0.
#120|420|120   bend
3 0. 0. 0. -.1963495408
'ESL'                      SD  2                                      56         56                         56
71.6256
'MULTIPOL'                 QP  5                                      57         57                         57
0
  48.627300  10.00   0.00000000E+00  -7.65533000E-01   0.00000000E+00  0.0  0.0  0.0  0.0  0.0  0.0  0.0
  0.0000   0.0000   0.00   0.00   0.00   0.00   0.00   0.00   0.00   0.00   0.00
6   1.12200E-01   6.26710E+00  -1.49820E+00   3.58820E+00  -2.12090E+00   1.72300E+00 
  0.0000   0.0000   0.00   0.00   0.00   0.00   0.00   0.00   0.00   0.00   0.00
6   1.12200E-01   6.26710E+00  -1.49820E+00   3.58820E+00  -2.12090E+00   1.72300E+00 
0. 0. 0. 0. 0. 0. 0. 0. 0. 0.
#40|40|40   Multip
1   0.00000000E+00  0.00000000E+00  0.00000000E+00
'ESL'                      SD  2                                      58         58                         58
71.6256
'BEND'                    DIP 3 4 3                                  59         59                          59
0
247.30039  0.  1.57776
20. 8. .04276056667
4 .2401  1.8639  -.5572  .3904 0. 0. 0.
20. 8. .04276056667
4 .2401  1.8639  -.5572  .3904 0. 0. 0.
#120|420|120   bend
3 0. 0. 0. -.1963495408
'ESL'                      SD  2                                      60         60                         60
71.6256
'QUADRUPO'                 QP  1                                      61         61                         61
0
46.723  10.  .763695
0.  0.
6  .1122 6.2671 -1.4982 3.5882 -2.1209 1.723
0.  0.
6  .1122 6.2671 -1.4982 3.5882 -2.1209 1.723
#40|40|40   quad
1 0. 0. 0.
'ESL'                                                                  62         62                        62
392.148
'MULTIPOL'                 QP  5                                      63         63                         63
0
  48.627300  10.00   0.00000000E+00  -7.65533000E-01   0.00000000E+00  0.0  0.0  0.0  0.0  0.0  0.0  0.0
  0.0000   0.0000   0.00   0.00   0.00   0.00   0.00   0.00   0.00   0.00   0.00
6   1.12200E-01   6.26710E+00  -1.49820E+00   3.58820E+00  -2.12090E+00   1.72300E+00 
  0.0000   0.0000   0.00   0.00   0.00   0.00   0.00   0.00   0.00   0.00   0.00
6   1.12200E-01   6.26710E+00  -1.49820E+00   3.58820E+00  -2.12090E+00   1.72300E+00 
0. 0. 0. 0. 0. 0. 0. 0. 0. 0.
#40|40|40   Multip
1   0.00000000E+00  0.00000000E+00  0.00000000E+00
'ESL'                                                                  64         64                        64
392.148
'QUADRUPO'                 QP  1                                      65         65                         65
0
46.723  10.  .763695  = CHAMP POUR BORO=1TM
0.  0.
6  .1122 6.2671 -1.4982 3.5882 -2.1209 1.723
0.  0.
6  .1122 6.2671 -1.4982 3.5882 -2.1209 1.723
#40|40|40   quad
1 0. 0. 0.
'ESL'                      SD  2                                      66         66                         66
71.6256
'BEND'                    DIP 3 4 3                                  67         67                          67
0
247.30039  0.  1.57776
20. 8. .04276056667
4 .2401  1.8639  -.5572  .3904 0. 0. 0.
20. 8. .04276056667
4 .2401  1.8639  -.5572  .3904 0. 0. 0.
#120|420|120   bend
3 0. 0. 0. -.1963495408
'ESL'                      SD  2                                      68         68                         68
71.6256
'MULTIPOL'                 QP  5                                      69         69                         69
0
  48.627300  10.00   0.00000000E+00  -7.65533000E-01   0.00000000E+00  0.0  0.0  0.0  0.0  0.0  0.0  0.0
  0.0000   0.0000   0.00   0.00   0.00   0.00   0.00   0.00   0.00   0.00   0.00
6   1.12200E-01   6.26710E+00  -1.49820E+00   3.58820E+00  -2.12090E+00   1.72300E+00 
  0.0000   0.0000   0.00   0.00   0.00   0.00   0.00   0.00   0.00   0.00   0.00
6   1.12200E-01   6.26710E+00  -1.49820E+00   3.58820E+00  -2.12090E+00   1.72300E+00 
0. 0. 0. 0. 0. 0. 0. 0. 0. 0.
#40|40|40   Multip
1   0.00000000E+00  0.00000000E+00  0.00000000E+00
'ESL'                      SD  2                                       70         70                        70
71.6256
'BEND'                    DIP 3 4 3                                  71         71                          71
0
247.30039  0.  1.57776
20. 8. .04276056667
4 .2401  1.8639  -.5572  .3904 0. 0. 0.
20. 8. .04276056667
4 .2401  1.8639  -.5572  .3904 0. 0. 0.
#120|420|120   bend
3 0. 0. 0. -.1963495408
'ESL'                      SD  2                                      72         72                         72
71.6256
'QUADRUPO'                 QP  1                                      73         73                         73
0
46.723  10.  .763695
0.  0.
6  .1122 6.2671 -1.4982 3.5882 -2.1209 1.723
0.  0.
6  .1122 6.2671 -1.4982 3.5882 -2.1209 1.723
#40|40|40   quad
1 0. 0. 0.
'ESL'                      SD  2                                      74         74                         74
71.6256
'BEND'                    DIP 3 4 3                                  75         75                          75
0
247.30039  0.  1.57776
20. 8. .04276056667
4 .2401  1.8639  -.5572  .3904 0. 0. 0.
20. 8. .04276056667
4 .2401  1.8639  -.5572  .3904 0. 0. 0.
#120|420|120   bend
3 0. 0. 0. -.1963495408
'ESL'                      SD  2                                      76         76                         76
71.6256
'MULTIPOL'                 QP  5                                      77         77                         77
0
  48.627300  10.00   0.00000000E+00  -7.65533000E-01   0.00000000E+00  0.0  0.0  0.0  0.0  0.0  0.0  0.0
  0.0000   0.0000   0.00   0.00   0.00   0.00   0.00   0.00   0.00   0.00   0.00
6   1.12200E-01   6.26710E+00  -1.49820E+00   3.58820E+00  -2.12090E+00   1.72300E+00 
  0.0000   0.0000   0.00   0.00   0.00   0.00   0.00   0.00   0.00   0.00   0.00
6   1.12200E-01   6.26710E+00  -1.49820E+00   3.58820E+00  -2.12090E+00   1.72300E+00 
0. 0. 0. 0. 0. 0. 0. 0. 0. 0.
#40|40|40   Multip
1   0.00000000E+00  0.00000000E+00  0.00000000E+00
'ESL'                      SD  2                                      78         78                         78
71.6256
'BEND'                    DIP 3 4 3                                  79         79                          79
0
247.30039  0.  1.57776
20. 8. .04276056667
4 .2401  1.8639  -.5572  .3904 0. 0. 0.
20. 8. .04276056667
4 .2401  1.8639  -.5572  .3904 0. 0. 0.
#120|420|120   bend
3 0. 0. 0. -.1963495408
'ESL'                      SD  2                                      80         80                         80
71.6256
'QUADRUPO'                 QP  1                                      81         81                         81
0
46.723  10.  .763695
0.  0.
6  .1122 6.2671 -1.4982 3.5882 -2.1209 1.723
0.  0.
6  .1122 6.2671 -1.4982 3.5882 -2.1209 1.723
#40|40|40   quad
1 0. 0. 0.
'ESL'                                                                  82         82                        82
392.148
'MULTIPOL'                 QP  5                                      83         83                         83
0
  48.627300  10.00   0.00000000E+00  -7.65533000E-01   0.00000000E+00  0.0  0.0  0.0  0.0  0.0  0.0  0.0
  0.0000   0.0000   0.00   0.00   0.00   0.00   0.00   0.00   0.00   0.00   0.00
6   1.12200E-01   6.26710E+00  -1.49820E+00   3.58820E+00  -2.12090E+00   1.72300E+00 
  0.0000   0.0000   0.00   0.00   0.00   0.00   0.00   0.00   0.00   0.00   0.00
6   1.12200E-01   6.26710E+00  -1.49820E+00   3.58820E+00  -2.12090E+00   1.72300E+00 
0. 0. 0. 0. 0. 0. 0. 0. 0. 0.
#40|40|40   Multip
1   0.00000000E+00  0.00000000E+00  0.00000000E+00
'ESL'                                                                  84         84                        84
392.148
! 'FAISCEAU'
 ! 'FIT'                                                                                                       85
 ! 2
 ! 1 30 0 [-1.,1.]
 ! 1 31 0 [-1.,1.]
 ! 2  1e-10
 ! 3.1 1 2 #End  0. 1. 0
 ! 3.1 1 3 #End  0. 1. 0
'FAISCEAU'                                                                                                  86
'OPTIONS'                                                                                                   87
1 1
WRITE ON
 
'TWISS'                                                                                                     88
2 1. 1.
 
 
'END'                                                                                                       89
